// Jest Snapshot v1, https://goo.gl/fbAQLP

exports[`should renders MovieItem correctly Snapshot test 1`] = `
<MemoryRouter>
  <Router
    history={
      Object {
        "action": "POP",
        "block": [Function],
        "canGo": [Function],
        "createHref": [Function],
        "entries": Array [
          Object {
            "hash": "",
            "key": "2jqxhw",
            "pathname": "/",
            "search": "",
            "state": undefined,
          },
        ],
        "go": [Function],
        "goBack": [Function],
        "goForward": [Function],
        "index": 0,
        "length": 1,
        "listen": [Function],
        "location": Object {
          "hash": "",
          "key": "2jqxhw",
          "pathname": "/",
          "search": "",
          "state": undefined,
        },
        "push": [Function],
        "replace": [Function],
      }
    }
  >
    <MovieItem
      key="337167"
      movieItem={
        Object {
          "budget": 55000000,
          "genres": Array [
            "Drama",
            "Romance",
          ],
          "id": 337167,
          "overview": "Believing they have left behind shadowy figures from their past, newlyweds Christian and Ana fully embrace an inextricable connection and shared life of luxury. But just as she steps into her role as Mrs. Grey and he relaxes into an unfamiliar stability, new threats could jeopardize their happy ending before it even begins.",
          "poster_path": "https://image.tmdb.org/t/p/w500/3kcEGnYBHDeqmdYf8ZRbKdfmlUy.jpg",
          "release_date": "2018-02-07",
          "revenue": 136906000,
          "runtime": 106,
          "tagline": "Don't miss the climax",
          "title": "Fifty Shades Freed",
          "vote_average": 6.1,
          "vote_count": 1195,
        }
      }
    >
      <section
        className="movieitem-container"
      >
        <figure>
          <Link
            replace={false}
            to="/film/337167"
          >
            <a
              href="/film/337167"
              onClick={[Function]}
            >
              <img
                alt="Don't miss the climax"
                className="movieitem-img"
                src="https://image.tmdb.org/t/p/w500/3kcEGnYBHDeqmdYf8ZRbKdfmlUy.jpg"
              />
            </a>
          </Link>
          <figcaption
            className="movieitem-detail"
          >
            <span>
              FIFTY SHADES FREED
            </span>
            <span
              className="movieitem-year"
            >
              2018-02-07
            </span>
          </figcaption>
          <span
            className="movieitem-genres"
          >
            Drama & Romance
          </span>
        </figure>
      </section>
    </MovieItem>
  </Router>
</MemoryRouter>
`;
